// Vitest Snapshot v1, https://vitest.dev/guide/snapshot.html

exports[`NavItem > renders correctly 1`] = `
<div>
  <li
    class="list-none"
  >
    Home
  </li>
</div>
`;
